// Jest Snapshot v1, https://goo.gl/fbAQLP

exports[`ContributorDetails matches snapshot 1`] = `
<div
  className="contributor-detail"
>
  <div
    className="flex-main"
  >
    <div
      className="row"
    >
      <div
        className="col-md-5"
      >
        <div
          className="panel "
        >
          <div
            className="panel-heading"
          >
            <h1
              style={
                Object {
                  "position": "relative",
                }
              }
            >
              <a
                href="#Dummy"
                id="Dummy"
              >
                Dummy
              </a>
            </h1>
          </div>
          <div
            className="panel-body pad"
          >
            <div
              style={
                Object {
                  "textAlign": "center",
                }
              }
            >
              <img
                alt="Avatar"
                src="zerotorescue-avatar.jpg"
                style={
                  Object {
                    "borderRadius": "50%",
                    "marginTop": 20,
                    "maxHeight": 200,
                  }
                }
              />
            </div>
            <div
              className="flex-main contributorlist"
            >
              <div
                className="row"
              >
                <div
                  className="col-md-3"
                >
                  <b>
                    GitHub:
                  </b>
                </div>
                <div
                  className="col-md-9"
                >
                  <a
                    href="https://github.com/DummyHub"
                    rel="noopener noreferrer"
                    target="_blank"
                  >
                    DummyHub
                  </a>
                </div>
              </div>
            </div>
          </div>
        </div>
      </div>
      <div
        className="col-md-7"
      >
        <div
          className="panel "
        >
          <div
            className="panel-heading"
          >
            <h1
              style={
                Object {
                  "position": "relative",
                }
              }
            >
              <a
                href="#Contributions this expansion"
                id="Contributions this expansion"
              >
                Contributions this expansion
              </a>
            </h1>
          </div>
          <div
            className="panel-body "
          >
            <ul
              className="list"
            />
          </div>
        </div>
      </div>
    </div>
  </div>
</div>
`;
